[21:32:48] [ServerMain/INFO]: [bootstrap] Running Java 21 (OpenJDK 64-Bit Server VM 21.0.10+7-Ubuntu-124.04; Ubuntu null) on Linux 6.8.0-1044-azure (amd64)
[21:32:48] [ServerMain/INFO]: [bootstrap] Loading Paper 1.21.1-57-master@b483da4 (2024-09-01T18:09:05Z) for Minecraft 1.21.1
[21:32:49] [ServerMain/INFO]: [PluginInitializerManager] Initializing plugins...
[21:32:49] [ServerMain/INFO]: [PluginInitializerManager] Initialized 0 plugins
[21:32:50] [Paper Plugin Remapper Thread - 0/INFO]: [ReobfServer] Remapping server...
[21:32:57] [ServerMain/INFO]: Environment: Environment[sessionHost=https://sessionserver.mojang.com, servicesHost=https://api.minecraftservices.com, name=PROD]
[21:32:57] [ServerMain/INFO]: Found new data pack file/bukkit, loading it automatically
[21:32:57] [ServerMain/INFO]: Found new data pack paper, loading it automatically
[21:32:58] [ServerMain/INFO]: No existing world data, creating new world
[21:32:59] [Paper Plugin Remapper Thread - 0/INFO]: [ReobfServer] Done remapping server in 8299ms.
[21:32:59] [ServerMain/INFO]: Loaded 1290 recipes
[21:32:59] [ServerMain/INFO]: Loaded 1399 advancements
[21:33:00] [Server thread/INFO]: Starting minecraft server version 1.21.1
[21:33:00] [Server thread/INFO]: Loading properties
[21:33:00] [Server thread/INFO]: This server is running Paper version 1.21.1-57-master@b483da4 (2024-09-01T18:09:05Z) (Implementing API version 1.21.1-R0.1-SNAPSHOT)
[21:33:00] [Server thread/INFO]: [spark] This server bundles the spark profiler. For more information please visit https://docs.papermc.io/paper/profiling
[21:33:00] [Server thread/INFO]: Server Ping Player Sample Count: 12
[21:33:00] [Server thread/INFO]: Using 4 threads for Netty based IO
[21:33:01] [Server thread/INFO]: [ChunkTaskScheduler] Chunk system is using 1 I/O threads, 1 worker threads, and population gen parallelism of 1 threads
[21:33:01] [Server thread/INFO]: Default game type: SURVIVAL
[21:33:01] [Server thread/INFO]: Generating keypair
[21:33:01] [Server thread/INFO]: Starting Minecraft server on *:25565
[21:33:01] [Server thread/INFO]: Using epoll channel type
[21:33:01] [Server thread/INFO]: Paper: Using libdeflate (Linux x86_64) compression from Velocity.
[21:33:01] [Server thread/INFO]: Paper: Using OpenSSL 3.0.x (Linux x86_64) cipher from Velocity.
[21:33:01] [Server thread/WARN]: **** FAILED TO BIND TO PORT!
[21:33:01] [Server thread/WARN]: The exception was: io.netty.channel.unix.Errors$NativeIoException: bind(..) failed: Address already in use
[21:33:01] [Server thread/WARN]: Perhaps a server is already running on that port?
[21:33:01] [Server thread/ERROR]: Encountered an unexpected exception
java.lang.IllegalStateException: Failed to bind to port
	at net.minecraft.server.dedicated.DedicatedServer.initServer(DedicatedServer.java:286) ~[paper-1.21.1.jar:1.21.1-57-b483da4]
	at net.minecraft.server.MinecraftServer.runServer(MinecraftServer.java:1215) ~[paper-1.21.1.jar:1.21.1-57-b483da4]
	at net.minecraft.server.MinecraftServer.lambda$spin$0(MinecraftServer.java:330) ~[paper-1.21.1.jar:1.21.1-57-b483da4]
	at java.base/java.lang.Thread.run(Thread.java:1583) ~[?:?]
Caused by: io.netty.channel.unix.Errors$NativeIoException: bind(..) failed: Address already in use
[21:33:02] [Server thread/ERROR]: This crash report has been saved to: /workspaces/Server-12gb/servidor_minecraft/crash-reports/crash-2026-04-23_21.33.02-server.txt
[21:33:02] [Server thread/INFO]: Stopping server
[21:33:02] [Server thread/INFO]: Saving players
[21:33:02] [Server thread/INFO]: Saving worlds
[21:33:02] [Server thread/INFO]: ThreadedAnvilChunkStorage: All dimensions are saved
